// Jest Snapshot v1, https://goo.gl/fbAQLP

exports[`Paginator Component Should initialize properly 1`] = `
<div
  class="css-ftf61z"
>
  <div
    class="css-p29iif"
  />
  <div
    class="css-1te9eab-paginator"
  >
    <button
      aria-label="first"
      class="css-1g5f3py"
      role="button"
      type="first"
    >
      first
    </button>
    <button
      class="css-14s3rhr"
      role="button"
      type="previous"
    >
      <svg
        fill="currentColor"
        height="11"
        style="margin-left:0;margin-right:0;cursor:default;transition:fill .075s ease"
        viewBox="0 0 6.71 12.41"
        width="11"
      >
        <path
          d="M6.21 12.41a.54.54 0 0 1-.36-.14L.15 6.56a.5.5 0 0 1 0-.71l5.7-5.7a.5.5 0 0 1 .71 0 .5.5 0 0 1 0 .7L1.21 6.21l5.35 5.35a.51.51 0 0 1 0 .71.54.54 0 0 1-.35.14z"
        />
      </svg>
      <span>
        prev
      </span>
    </button>
    <div
      class="css-1fzcbye"
    >
      <span>
        101-150
      </span>
       of 258
    </div>
    <button
      class="css-14s3rhr"
      role="button"
      type="next"
    >
      <span>
        next
      </span>
      <svg
        fill="currentColor"
        height="11"
        style="margin-left:0;margin-right:0;cursor:default;transition:fill .075s ease"
        viewBox="0 0 6.71 12.41"
        width="11"
      >
        <path
          d="M.5 12.41a.5.5 0 0 1-.35-.85L5.5 6.21.15.85a.48.48 0 0 1 0-.7.48.48 0 0 1 .7 0l5.71 5.7a.51.51 0 0 1 0 .71L.85 12.27a.5.5 0 0 1-.35.14z"
        />
      </svg>
    </button>
    <button
      aria-label="last"
      class="css-1g5f3py"
      role="button"
      type="last"
    >
      last
    </button>
  </div>
</div>
`;
