// Jest Snapshot v1, https://goo.gl/fbAQLP

exports[`ButtonGroup Component Should initialize properly 1`] = `
<div
  class="css-1u5zh4x"
>
  <div
    class="css-p29iif"
  />
  <div
    class="css-f3sa0o-buttongroup"
  >
    <button
      aria-label="Hello"
      class="css-30mlbu"
      role="button"
    >
      Hello
    </button>
  </div>
</div>
`;
