// Jest Snapshot v1, https://goo.gl/fbAQLP

exports[`ButtonGroup Component Should initialize properly 1`] = `
<div
  class="css-ftf61z"
>
  <div
    class="css-p29iif"
  />
  <div
    class="css-mvshdl-buttongroup"
  >
    <button
      aria-label="Hello"
      class="css-qj6ccr"
      role="button"
    >
      Hello
    </button>
  </div>
</div>
`;
