// Jest Snapshot v1, https://goo.gl/fbAQLP

exports[`Tooltip Component Should intialize without problems 1`] = `
<div
  class="no-focus css-ftf61z"
>
  <div
    class="css-p29iif"
  />
  <div
    class="test css-wcnqme"
  >
    <div
      class="css-6pwwdr"
    >
      Hello
    </div>
  </div>
</div>
`;
