// Jest Snapshot v1, https://goo.gl/fbAQLP

exports[`Breadcrumbs Component Should initialize properly 1`] = `
<div
  class="css-ftf61z"
>
  <div
    class="css-2w2tn1"
  />
  <div
    class="css-1cv420n-breadcrumbs"
  >
    <span
      class="css-rgflzp"
    >
      /
    </span>
    <span
      class="css-15jkw83-breadcrumb"
    >
      <span
        class="css-0"
      >
        <a
          href="https://ui.contiamo.com"
        >
          Home
        </a>
      </span>
    </span>
    <span
      class="css-rgflzp"
    >
      /
    </span>
    <span
      class="css-15jkw83-breadcrumb"
    >
      <span
        class="css-0"
      >
        Link 1
      </span>
    </span>
  </div>
</div>
`;
