// Jest Snapshot v1, https://goo.gl/fbAQLP

exports[`App starts 1`] = `
<div>
  <div
    className="css-1sxzus0"
  >
    <div
      className="css-w3udz6"
    >
      Hi
    </div>
    <div
      className="css-1krlqp9"
    />
    <div
      className="css-w3udz6 active"
    >
      Hi
    </div>
  </div>
</div>
`;
