// Jest Snapshot v1, https://goo.gl/fbAQLP

exports[`App starts 1`] = `
<div
  className="css-wh8quo"
>
  <div
    className="css-1kh6hce"
  >
    <div
      className="css-1t01u4m"
    >
      Contiamo
    </div>
    <div>
      <div
        className="css-1g911ti"
        onClick={[Function]}
      >
        <div
          className="css-nil"
        >
          Data Entry
        </div>
        
      </div>
      <div
        className="css-1g911ti"
        onClick={[Function]}
      >
        <div
          className="css-nil"
        >
          Feedback
        </div>
        
      </div>
      <div
        className="css-1g911ti"
        onClick={[Function]}
      >
        <div
          className="css-nil"
        >
          Cards
        </div>
        
      </div>
      <div
        className="css-1g911ti"
        onClick={[Function]}
      >
        <div
          className="css-nil"
        >
          Navigation
        </div>
        
      </div>
      <div
        className="css-1g911ti"
        onClick={[Function]}
      >
        <div
          className="css-nil"
        >
          Resources
        </div>
        
      </div>
      <div
        className="css-1g911ti"
        onClick={[Function]}
      >
        <div
          className="css-nil"
        >
          Icons
        </div>
        
      </div>
    </div>
  </div>
  <div
    className="css-nil"
  >
    //Put Routes in Here
  </div>
</div>
`;
