// Jest Snapshot v1, https://goo.gl/fbAQLP

exports[`App starts 1`] = `
<div
  className="css-wh8quo"
>
  <div
    className="css-7cmi9a"
  >
    <div
      className="css-92jo3k"
    >
      <img
        alt="Contiamo"
        className="css-1mjw833"
        src=""
      />
      <div
        className="css-ief7i8 tooltip"
      >
        Contiamo
      </div>
    </div>
    <div
      className="css-1p6ihe6"
    >
      <svg
        height={20}
        viewBox="0 0 24 24"
        width={20}
        xmlns="http://www.w3.org/2000/svg"
      >
        <path
          d="M12.89 1.45l8 4A2 2 0 0 1 22 7.24v9.53a2 2 0 0 1-1.11 1.79l-8 4a2 2 0 0 1-1.79 0l-8-4a2 2 0 0 1-1.1-1.8V7.24a2 2 0 0 1 1.11-1.79l8-4a2 2 0 0 1 1.78 0z"
          fill="none"
          stroke="white"
          strokeLinecap="round"
          strokeLinejoin="round"
          strokeWidth="2"
        />
        <polyline
          fill="none"
          points="2.32 6.16 12 11 21.68 6.16"
          stroke="currentColor"
          strokeLinecap="round"
          strokeLinejoin="round"
          strokeWidth="2"
        />
        <line
          fill="none"
          stroke="currentColor"
          strokeLinecap="round"
          strokeLinejoin="round"
          strokeWidth="2"
          x1="12"
          x2="12"
          y1="22.76"
          y2="11"
        />
      </svg>
      <div
        className="css-ief7i8 tooltip"
      >
        Components
      </div>
    </div>
    <div
      className="css-1c5lpzn"
    />
    <div
      className="css-92jo3k"
    >
      <img
        alt="Avatar"
        className="css-1mjw833"
        src="https://encrypted-tbn0.gstatic.com/images?q=tbn:ANd9GcRP0K2M10ttKd6aRHT-7LUhVB3rW2rVZ16N3yJux4pRFXd9jdWNi4eczg"
      />
      <div
        className="css-1dzydnb tooltip"
      >
        <div
          className="css-1iqwf3n"
          onClick={undefined}
        >
          My Account
        </div>
        <div
          className="css-1iqwf3n"
          onClick={undefined}
        >
          Feedback
        </div>
        <div
          className="css-1iqwf3n"
          onClick={undefined}
        >
          Logout
        </div>
      </div>
    </div>
  </div>
  <div
    className="css-nil"
  >
    //Put Routes in Here
  </div>
</div>
`;
