// Jest Snapshot v1, https://goo.gl/fbAQLP

exports[`DatePicker Component Should render 1`] = `
<div
  class="css-ftf61z"
>
  <div
    class="css-p29iif"
  />
  <div
    class="css-hbollr-datepicker"
  >
    <div
      class="css-1i3ebus"
    >
      <svg
        fill="currentColor"
        height="14"
        style="margin-left:0;margin-right:0;cursor:default;transition:fill .075s ease"
        viewBox="0 0 9.47 9.47"
        width="14"
      >
        <path
          d="M5.44 4.74L9.33.85a.5.5 0 0 0 0-.7.5.5 0 0 0-.71 0L4.74 4 .85.15a.48.48 0 0 0-.7 0 .48.48 0 0 0 0 .7L4 4.74.15 8.62a.5.5 0 0 0 .35.85.5.5 0 0 0 .35-.14l3.89-3.89 3.88 3.89a.52.52 0 0 0 .38.14.54.54 0 0 0 .36-.14.51.51 0 0 0 0-.71z"
        />
      </svg>
    </div>
    <input
      class="css-p0rjcv"
      placeholder="Pick a date"
      readonly=""
      value="2018-01-02 - 2018-01-23"
    />
    <div
      class="css-17y4r9v"
    >
      <div
        class="css-rjp1ph"
      >
        <div
          class="css-kaz4mx"
        >
          <svg
            fill="currentColor"
            height="12"
            style="margin-left:0;margin-right:0;cursor:default;transition:fill .075s ease"
            viewBox="0 0 6.71 12.41"
            width="12"
          >
            <path
              d="M6.21 12.41a.54.54 0 0 1-.36-.14L.15 6.56a.5.5 0 0 1 0-.71l5.7-5.7a.5.5 0 0 1 .71 0 .5.5 0 0 1 0 .7L1.21 6.21l5.35 5.35a.51.51 0 0 1 0 .71.54.54 0 0 1-.35.14z"
            />
          </svg>
        </div>
        <span>
          January, 2018
        </span>
        <div
          class="css-kaz4mx"
        >
          <svg
            fill="currentColor"
            height="12"
            style="margin-left:0;margin-right:0;cursor:default;transition:fill .075s ease"
            viewBox="0 0 6.71 12.41"
            width="12"
          >
            <path
              d="M.5 12.41a.5.5 0 0 1-.35-.85L5.5 6.21.15.85a.48.48 0 0 1 0-.7.48.48 0 0 1 .7 0l5.71 5.7a.51.51 0 0 1 0 .71L.85 12.27a.5.5 0 0 1-.35.14z"
            />
          </svg>
        </div>
      </div>
      <div
        class="css-1ll3uuv"
      >
        <div
          class="css-vnoc3q"
        >
          S
        </div>
        <div
          class="css-vnoc3q"
        >
          M
        </div>
        <div
          class="css-vnoc3q"
        >
          T
        </div>
        <div
          class="css-vnoc3q"
        >
          W
        </div>
        <div
          class="css-vnoc3q"
        >
          T
        </div>
        <div
          class="css-vnoc3q"
        >
          F
        </div>
        <div
          class="css-vnoc3q"
        >
          S
        </div>
        <div
          class="css-1uhreit"
        >
          31
        </div>
        <div
          class="css-1u3r8e4"
        >
          1
        </div>
        <div
          class="css-15rlvsz"
          selected=""
        >
          2
        </div>
        <div
          class="css-15rlvsz"
          selected=""
        >
          3
        </div>
        <div
          class="css-15rlvsz"
          selected=""
        >
          4
        </div>
        <div
          class="css-15rlvsz"
          selected=""
        >
          5
        </div>
        <div
          class="css-15rlvsz"
          selected=""
        >
          6
        </div>
        <div
          class="css-15rlvsz"
          selected=""
        >
          7
        </div>
        <div
          class="css-15rlvsz"
          selected=""
        >
          8
        </div>
        <div
          class="css-15rlvsz"
          selected=""
        >
          9
        </div>
        <div
          class="css-15rlvsz"
          selected=""
        >
          10
        </div>
        <div
          class="css-15rlvsz"
          selected=""
        >
          11
        </div>
        <div
          class="css-15rlvsz"
          selected=""
        >
          12
        </div>
        <div
          class="css-15rlvsz"
          selected=""
        >
          13
        </div>
        <div
          class="css-15rlvsz"
          selected=""
        >
          14
        </div>
        <div
          class="css-15rlvsz"
          selected=""
        >
          15
        </div>
        <div
          class="css-15rlvsz"
          selected=""
        >
          16
        </div>
        <div
          class="css-15rlvsz"
          selected=""
        >
          17
        </div>
        <div
          class="css-15rlvsz"
          selected=""
        >
          18
        </div>
        <div
          class="css-15rlvsz"
          selected=""
        >
          19
        </div>
        <div
          class="css-15rlvsz"
          selected=""
        >
          20
        </div>
        <div
          class="css-15rlvsz"
          selected=""
        >
          21
        </div>
        <div
          class="css-15rlvsz"
          selected=""
        >
          22
        </div>
        <div
          class="css-15rlvsz"
          selected=""
        >
          23
        </div>
        <div
          class="css-1u3r8e4"
        >
          24
        </div>
        <div
          class="css-1u3r8e4"
        >
          25
        </div>
        <div
          class="css-1u3r8e4"
        >
          26
        </div>
        <div
          class="css-1u3r8e4"
        >
          27
        </div>
        <div
          class="css-1u3r8e4"
        >
          28
        </div>
        <div
          class="css-1u3r8e4"
        >
          29
        </div>
        <div
          class="css-1u3r8e4"
        >
          30
        </div>
        <div
          class="css-1u3r8e4"
        >
          31
        </div>
        <div
          class="css-1uhreit"
        >
          1
        </div>
        <div
          class="css-1uhreit"
        >
          2
        </div>
        <div
          class="css-1uhreit"
        >
          3
        </div>
      </div>
    </div>
  </div>
</div>
`;
