// Jest Snapshot v1, https://goo.gl/fbAQLP

exports[`SidenavHeader Component Should initialize properly 1`] = `
<div
  class="css-ftf61z"
>
  <div
    class="css-p29iif"
  />
  <a
    class="css-synphd-sidenavheader"
    href="/one"
    label="Chapter One"
  >
    <div
      class="css-11wld9j"
    >
      <div
        class="css-1ibxbsn"
      >
        Chapter One
      </div>
      <div
        class="css-w9ofnk"
      />
    </div>
  </a>
</div>
`;
