// Jest Snapshot v1, https://goo.gl/fbAQLP

exports[`Code Should render 1`] = `
<div
  class="css-ftf61z"
>
  <div
    class="css-ar73w8-Messages"
  />
  <div
    class="css-tj45kb"
  >
    <pre>
      <code
        class="json css-10jr7dl"
      >
        {
  "properties": {
    "startAt": {
      "type": "string",
      "format": "date-time"
    },
    "endAt": {
      "type": "string",
      "format": "date-time"
    }
  }
}
      </code>
    </pre>
  </div>
</div>
`;
