// Jest Snapshot v1, https://goo.gl/fbAQLP

exports[`ProgressPanel Component Should initialize properly 1`] = `
<div
  class="css-ftf61z"
>
  <div
    class="css-p29iif"
  />
  <div
    class="css-4vzd3q"
  >
    <div
      class="css-tpuwpq"
    >
      <div
        class="css-9fq4n"
      >
        <svg
          fill="currentColor"
          height="18"
          style="margin-left:0;margin-right:8px;cursor:default;transition:fill .075s ease"
          viewBox="0 0 11.42 8.78"
          width="18"
        >
          <path
            d="M3.13 8.78a.49.49 0 0 1-.35-.15L.15 6a.5.5 0 0 1 0-.71.5.5 0 0 1 .7 0l2.28 2.28L10.56.15a.5.5 0 0 1 .71 0 .5.5 0 0 1 0 .7L3.49 8.63a.51.51 0 0 1-.36.15z"
          />
        </svg>
        Something
      </div>
    </div>
    <div
      class="css-tpuwpq"
    >
      <div
        class="css-5ugjy6"
      >
        <svg
          fill="currentColor"
          height="18"
          style="margin-left:0;margin-right:8px;cursor:default;transition:fill .075s ease"
          viewBox="0 0 9.47 9.47"
          width="18"
        >
          <path
            d="M5.44 4.74L9.33.85a.5.5 0 0 0 0-.7.5.5 0 0 0-.71 0L4.74 4 .85.15a.48.48 0 0 0-.7 0 .48.48 0 0 0 0 .7L4 4.74.15 8.62a.5.5 0 0 0 .35.85.5.5 0 0 0 .35-.14l3.89-3.89 3.88 3.89a.52.52 0 0 0 .38.14.54.54 0 0 0 .36-.14.51.51 0 0 0 0-.71z"
          />
        </svg>
        Something
      </div>
      <p
        class="css-mlfoiu"
      >
        Failed to fetch your account data
      </p>
    </div>
    <div
      class="css-tpuwpq"
    >
      <div
        class="css-1q2u45i"
      >
        <div
          class="css-ph6up9"
        >
          <div
            class="css-qeu37x"
          >
            <svg
              viewBox="0 0 360 360"
            >
              <path
                d="M160,0 L160,100 L200,100 L200,0Z"
              />
              <path
                d="M321.396,67.075l-70.697,70.697l-28.284,-28.284l70.697,-70.697c9.428,9.428 18.856,18.856 28.284,28.284Z"
              />
              <path
                d="M260,160 L360,160 L360,200 L260,200Z"
              />
              <path
                d="M321.853,292.842l-28.285,28.284l-69.71,-69.711l28.284,-28.284c23.237,23.237 46.474,46.474 69.711,69.711Z"
              />
              <path
                d="M160,260 L160,360 L200,360 L200,260Z"
              />
              <path
                d="M136.142,251.415l-69.71,69.711l-28.285,-28.284l69.711,-69.711c9.428,9.428 18.856,18.856 28.284,28.284Z"
              />
              <path
                d="M0,160 L100,160 L100,200 L0,200Z"
              />
              <path
                d="M137.592,109.495l-28.299,28.269l-70.659,-70.734l28.3,-28.269c23.553,23.578 47.105,47.156 70.658,70.734Z"
              />
            </svg>
          </div>
        </div>
        Something
      </div>
    </div>
    <div
      class="css-tpuwpq"
    >
      <div
        class="css-9xk9fc"
      >
        <svg
          fill="currentColor"
          height="18"
          style="margin-left:0;margin-right:8px;cursor:default;transition:fill .075s ease"
          viewBox="0 0 12.8 12.8"
          width="18"
        >
          <path
            d="M6.4 12.8C2.9 12.8 0 9.9 0 6.4 0 2.9 2.9 0 6.4 0c3.5 0 6.4 2.9 6.4 6.4s-2.9 6.4-6.4 6.4zM6.4 1C3.4 1 1 3.4 1 6.4c0 3 2.4 5.4 5.4 5.4s5.4-2.4 5.4-5.4c0-3-2.4-5.4-5.4-5.4zm0 2.3v3.6m.2.1l1.2 1.6"
          />
        </svg>
        Something
      </div>
    </div>
  </div>
</div>
`;
