// Jest Snapshot v1, https://goo.gl/fbAQLP

exports[`Cards Page Should render correctly 1`] = `
<div>
  <h1>
    Stats
  </h1>
  <h2>
    Stats are little pieces of information that contain a descriptor and a value of the descriptor.
  </h2>
  <p>
    These elements are commonly used to represent KPI data, with strong key-value pairings.
  </p>
  <div
    style="display:flex;"
  >
    <div
      class="css-mrit36 Stat"
    >
      <small
        class="Stat__label"
      >
        Components
      </small>
      <span
        class="Stat__value"
      >
        200,000
      </span>
    </div>
    <div
      class="css-mrit36 Stat"
    >
      <small
        class="Stat__label"
      >
        Reusability
      </small>
      <span
        class="Stat__value"
      >
        High
      </span>
    </div>
    <div
      class="css-mrit36 Stat"
    >
      <small
        class="Stat__label"
      >
        Potential Added Value
      </small>
      <span
        class="Stat__value"
      >
        &euro2M
      </span>
    </div>
  </div>
  <h2>
    Usage
  </h2>
  <div
    class="playground"
  >
    <div
      class="playgroundCode"
    >
      <div
        class="ReactCodeMirror playgroundStage"
      >
        <textarea
          autocomplete="off"
        >
          
          
          &lt;div style={{display:'flex'}}&gt;
            &lt;Stat label="Use Cases"&gt;Infinite&lt;/Stat&gt;
            &lt;Stat label="Potential"&gt;Unlimited&lt;/Stat&gt;
            &lt;Stat color="#009de8" label="Cool Factor"&gt;
              &gt; 10
            &lt;/Stat&gt;
          &lt;/div&gt;
        </textarea>
      </div>
    </div>
    <div
      class="playgroundPreview"
    >
      <div>
        <div
          class="previewArea"
        />
      </div>
    </div>
  </div>
  <h2>
    Props
  </h2>
  <table
    class="css-81lp1j"
  >
    <thead>
      <tr>
        <th>
          Name
        </th>
        <th>
          Description
        </th>
        <th>
          Default
        </th>
        <th>
          Type
        </th>
        <th>
          Optional?
        </th>
      </tr>
    </thead>
    <tbody>
      <tr>
        <td>
          label
        </td>
        <td>
          What is the key in the key-value pairing? This is the description of the statistic itself.
        </td>
        <td />
        <td>
          string
        </td>
        <td>
          🚫
        </td>
      </tr>
      <tr>
        <td>
          color
        </td>
        <td>
          See above. A stat can have its own background color. This can be a hex code, or a named color from your theme.
        </td>
        <td>
          white
        </td>
        <td>
          string
        </td>
        <td>
          ✅
        </td>
      </tr>
    </tbody>
  </table>
</div>
`;
