// Jest Snapshot v1, https://goo.gl/fbAQLP

exports[`App Showcase: Sidebar Should render correctly 1`] = `
<glamorous(bound )>
  <glamorous(SidebarItem)
    label="Data Entry"
  >
    <glamorous(_class)>
      Buttons
    </glamorous(_class)>
    <glamorous(_class)>
      Form Fields
    </glamorous(_class)>
    <glamorous(_class)>
      Date Picker
    </glamorous(_class)>
    <glamorous(_class)>
      Color Picker
    </glamorous(_class)>
  </glamorous(SidebarItem)>
  <glamorous(SidebarItem)
    label="Feedback"
  >
    <glamorous(_class)>
      Modals
    </glamorous(_class)>
    <glamorous(_class)>
      Notifications
    </glamorous(_class)>
    <glamorous(_class)>
      Alerts
    </glamorous(_class)>
    <glamorous(_class)>
      Messages
    </glamorous(_class)>
    <glamorous(_class)>
      Progress
    </glamorous(_class)>
    <glamorous(_class)
      to="/tooltips"
      tooltip="Like this."
    >
      Tooltips
    </glamorous(_class)>
  </glamorous(SidebarItem)>
  <glamorous(SidebarItem)
    label="UI Elements"
  >
    <glamorous(_class)
      to="/cards"
    >
      Cards
    </glamorous(_class)>
    <glamorous(_class)
      to="/chips"
    >
      Chips
    </glamorous(_class)>
    <glamorous(_class)
      to="/stats"
    >
      Stats
    </glamorous(_class)>
  </glamorous(SidebarItem)>
  <glamorous(SidebarItem)
    label="Navigation"
  >
    <glamorous(_class)
      to="/sidebar"
    >
      Sidebar
    </glamorous(_class)>
    <glamorous(_class)
      to="/side-navigation"
    >
      Side Navigation
    </glamorous(_class)>
    <glamorous(_class)>
      Tabs
    </glamorous(_class)>
    <glamorous(_class)>
      Pagination
    </glamorous(_class)>
  </glamorous(SidebarItem)>
  <glamorous(SidebarItem)
    label="Resources"
  >
    <glamorous(_class)>
      Grid
    </glamorous(_class)>
    <glamorous(_class)>
      List
    </glamorous(_class)>
  </glamorous(SidebarItem)>
  <glamorous(SidebarItem)
    label="Icons"
  >
    <glamorous(_class)>
      Feather Icons
    </glamorous(_class)>
  </glamorous(SidebarItem)>
</glamorous(bound )>
`;
