// Jest Snapshot v1, https://goo.gl/fbAQLP

exports[`App starts 1`] = `
<div
  className="css-qvp3ck"
>
  <div
    className="css-1n6wvic"
  >
    <div
      className="css-13i3zlm_has-tooltip"
      onMouseEnter={[Function]}
      onMouseLeave={[Function]}
    >
      <div
        className="css-13i3zlm SideNavigationItem"
        onClick={undefined}
      >
        <a
          href="/"
          onClick={[Function]}
        >
          <img
            alt="Contiamo"
            className="css-nil"
            src="https://www.contiamo.com/assets/favicon/favicon-32x32.png"
          />
        </a>
        
      </div>
    </div>
    <div
      className="css-d9blfh_has-tooltip"
      onMouseEnter={[Function]}
      onMouseLeave={[Function]}
    >
      <div
        className="css-d9blfh SideNavigationItem"
        onClick={undefined}
      >
        <a
          href="/components"
          onClick={[Function]}
        >
          <svg
            height={20}
            viewBox="0 0 24 24"
            width={20}
            xmlns="http://www.w3.org/2000/svg"
          >
            <path
              d="M12.89 1.45l8 4A2 2 0 0 1 22 7.24v9.53a2 2 0 0 1-1.11 1.79l-8 4a2 2 0 0 1-1.79 0l-8-4a2 2 0 0 1-1.1-1.8V7.24a2 2 0 0 1 1.11-1.79l8-4a2 2 0 0 1 1.78 0z"
              fill="none"
              stroke="#aaa"
              strokeLinecap="round"
              strokeLinejoin="round"
              strokeWidth="2"
            />
            <polyline
              fill="none"
              points="2.32 6.16 12 11 21.68 6.16"
              stroke="#aaa"
              strokeLinecap="round"
              strokeLinejoin="round"
              strokeWidth="2"
            />
            <line
              fill="none"
              stroke="#aaa"
              strokeLinecap="round"
              strokeLinejoin="round"
              strokeWidth="2"
              x1="12"
              x2="12"
              y1="22.76"
              y2="11"
            />
          </svg>
          <div
            className="SideNavigationItem__label"
          >
            Components
          </div>
        </a>
        
      </div>
    </div>
    <div
      className="css-d9blfh_has-tooltip"
      onMouseEnter={[Function]}
      onMouseLeave={[Function]}
    >
      <div
        className="css-d9blfh SideNavigationItem"
        onClick={undefined}
      >
        <svg
          height={20}
          viewBox="0 0 24 24"
          width={20}
          xmlns="http://www.w3.org/2000/svg"
        >
          <rect
            fill="none"
            height="7"
            stroke="#aaa"
            strokeLinecap="round"
            strokeLinejoin="round"
            strokeWidth="2"
            width="7"
            x="3"
            y="3"
          />
          <rect
            fill="none"
            height="7"
            stroke="#aaa"
            strokeLinecap="round"
            strokeLinejoin="round"
            strokeWidth="2"
            width="7"
            x="14"
            y="3"
          />
          <rect
            fill="none"
            height="7"
            stroke="#aaa"
            strokeLinecap="round"
            strokeLinejoin="round"
            strokeWidth="2"
            width="7"
            x="14"
            y="14"
          />
          <rect
            fill="none"
            height="7"
            stroke="#aaa"
            strokeLinecap="round"
            strokeLinejoin="round"
            strokeWidth="2"
            width="7"
            x="3"
            y="14"
          />
        </svg>
        <div
          className="SideNavigationItem__label"
        >
          Composed
        </div>
        
      </div>
    </div>
    <div
      className="css-d9blfh_has-tooltip"
      onMouseEnter={[Function]}
      onMouseLeave={[Function]}
    >
      <div
        className="css-d9blfh SideNavigationItem"
        onClick={undefined}
      >
        <svg
          height={20}
          viewBox="0 0 24 24"
          width={20}
          xmlns="http://www.w3.org/2000/svg"
        >
          <rect
            fill="none"
            height="18"
            stroke="#aaa"
            strokeLinecap="round"
            strokeLinejoin="round"
            strokeWidth="2"
            width="4"
            x="10"
            y="3"
          />
          <rect
            fill="none"
            height="13"
            stroke="#aaa"
            strokeLinecap="round"
            strokeLinejoin="round"
            strokeWidth="2"
            width="4"
            x="18"
            y="8"
          />
          <rect
            fill="none"
            height="8"
            stroke="#aaa"
            strokeLinecap="round"
            strokeLinejoin="round"
            strokeWidth="2"
            width="4"
            x="2"
            y="13"
          />
        </svg>
        <div
          className="SideNavigationItem__label"
        >
          Visualizations
        </div>
        
      </div>
    </div>
    <div
      className="css-1c5lpzn"
    />
  </div>
  <div
    className="css-nil app"
  >
    <div
      className="css-pl8kj3"
    >
      Contiamo UI
    </div>
  </div>
</div>
`;
